virtio_pci
virtio
virtio_net
virtio_mmio
pcnet32
9pnet
9p
9pnet_virtio
ip_tables
ip_conntrack
arp_tables
iptable_filter
arptable_filter
iptable_mangle
ipt_state
ipt_MASQUERADE
ipt_SET
ipt_DSCP
ipt_REJECT
ipt_DSCP
ipt_ECN
ipt_LOG
ipt_MARK
ipt_REDIRECT
ipt_TCPMSS
ipt_TOS
ipt_ULOG
ipt_conntrack
ipt_connlimit
ipt_dscp
ipt_ecn
ipt_helper
ipt_length
ipt_limit
ipt_mac
ipt_mark
ipt_physdev
ipt_pkttype
ipt_tcpmss
ipt_tos
ipt_ttl
ipt_unclean
ip_conntrack_ftp
ip_nat_ftp
ip_conntrack_irc(ports=6666,6667,6668,7000)
ip_nat_irc
sch_htb
ip_conntrack_h323
ip_conntrack_mms
ip_nat_mms
ip_conntrack_rtsp
ip_conntrack_pptp
ip_conntrack_quake3
ipt_iprange
ipt_multiport
ip_nat_proto_gre
ipt_ipp2p
ipt_time
nf_conntrack_amanda
nf_conntrack_broadcast
nf_conntrack_ftp
nf_conntrack_h323
nf_conntrack_irc
nf_conntrack
nf_conntrack_netbios_ns
nf_conntrack_netlink
nf_conntrack_pptp
nf_conntrack_proto_dccp
nf_conntrack_proto_gre
nf_conntrack_proto_sctp
nf_conntrack_proto_udplite
nf_conntrack_sane
nf_conntrack_sip
nf_conntrack_snmp
nf_conntrack_tftp
nf_nat_amanda
nf_nat_ftp
nf_nat_irc
nf_nat
nf_nat_proto_dccp
nf_nat_proto_sctp
nf_nat_proto_udplite
nf_nat_sip
nf_nat_tftp
nfnetlink_acct
nfnetlink_cthelper
nfnetlink_cttimeout
nfnetlink
nfnetlink_log
nfnetlink_queue
nf_synproxy_core
xt_addrtype
xt_bpf
xt_CHECKSUM
xt_CLASSIFY
xt_cluster
xt_comment
xt_connbytes
xt_connlabel
xt_connlimit
xt_connmark
xt_CONNSECMARK
xt_conntrack
xt_cpu
xt_CT
xt_dccp
xt_devgroup
xt_dscp
xt_DSCP
xt_esp
xt_hashlimit
xt_helper
xt_HL
xt_HMARK
xt_IDLETIMER
xt_iprange
xt_length
xt_limit
xt_LOG
xt_mac
xt_mark
xt_multiport
xt_nat
xt_NETMAP
xt_nfacct
xt_NFLOG
xt_NFQUEUE
xt_osf
xt_owner
xt_physdev
xt_pkttype
xt_policy
xt_quota
xt_rateest
xt_RATEEST
xt_realm
xt_recent
xt_REDIRECT
xt_sctp
xt_SECMARK
xt_set
xt_socket
xt_state
xt_statistic
xt_string
xt_tcpmss
xt_TCPMSS
xt_TCPOPTSTRIP
xt_TEE
xt_time
xt_TPROXY
xt_TRACE
xt_u32
ip_set_bitmap_ip
ip_set_bitmap_ipmac
ip_set_bitmap_port
ip_set_hash_ip
ip_set_hash_ipportip
ip_set_hash_ipport
ip_set_hash_ipportnet
ip_set_hash_netiface
ip_set_hash_net
ip_set_hash_netport
ip_set
ip_set_list_set
